// Jest Snapshot v1, https://goo.gl/fbAQLP

exports[`Pagina de configuração deve ser renderizada corretamente 1`] = `
<div>
  <div
    class="card"
  >
    <section>
      <h2>
        Vamos começar!
      </h2>
      <div
        class="card"
      >
        <form>
          <div
            class="input-group-btn"
          >
            <input
              placeholder="Insira os nomes dos participantes"
              type="text"
              value=""
            />
            <button
              disabled=""
              type="submit"
            >
              Adicionar
            </button>
          </div>
        </form>
      </div>
      <ul />
      <footer
        class="footer"
      >
        <button
          class="button"
          disabled=""
        >
          Iniciar
        </button>
        <img
          alt="Sacolas de compras"
          src="/imagens/sacolas.png"
        />
      </footer>
    </section>
  </div>
</div>
`;
